add::::-add:Add messages to the archive.
addressmodifycode::M2H_ADDRESSMODIFYCODE:<ADDRESSMODIFYCODE>:-addressmodifycode:Perl expressions modifying displayed addresses in headers.
afs::M2H_AFS::-afs:Skip archive directory permission check.
annotate::M2H_ANNOTATE::-annotate:Add/set annotation for message(s).
archive::M2H_ARCHIVE::-archive,-noarchive:Create archive.
authorbegin:I::<AUTHORBEGIN>::Markup at the start of a author group.
authorend:::<AUTHOREND>::Markup at the end of a author group.
authsort::M2H_AUTHSORT:<AUTHSORT>,<NOAUTHSORT>:-authsort,-noauthsort:Sort main index by author.
botlinks:M::<BOTLINKS>::Links markup at the bottom of message pages.
charsetconverters:::<CHARSETCONVERTERS>::Charater set filter functions.
checknoarchive::M2H_CHECKNOARCHIVE:<CHECKNOARCHIVE>,<NOCHECKNOARCHIVE>:-checknoarchive,-nochecknoarchive:Honor "no archive" flag in messages.
conlen::M2H_CONLEN:<CONLEN>,<NOCONLEN>:-conlen,-noconlen:Use Content-Length value.
datefields::M2H_DATEFIELDS:<DATEFIELDS>:-datefields:List of fields to extract date of message.
daybegin:I::<DAYBEGIN>::Markup at the start of a day group.
dayend:::<DAYEND>::Markup at the end of a day group.
dbfile::M2H_DBFILE::-dbfile:Name of archive database file.
decodeheads::M2H_DECODEHEADS:<DECODEHEADS>,<NODECODEHEADS>:-decodeheads,-nodecodeheads:Store "decode-only" characters sets in raw form.
definederived:M::<DEFINEDERIVED>::Define extra file(s) to generate for each message page.
definevar:::<DEFINEVAR>:-definevar:Define a custom resource variable.
defrcfile::M2H_DEFRCFILE:::Pathname of default resource file.
defrcname::M2H_DEFRCNAME:::Name of default resource file.
doc::M2H_DOC:<DOC>,<NODOC>:-doc,-nodoc:Add link to documentation.
docurl::M2H_DOCURL:<DOCURL>:-docurl:URL to documentation
editidx::::-editidx:Modify archive with new resource settings.
excs:::<EXCS>::List of header fields to exclude.
expireage::M2H_EXPIREAGE:<EXPIREAGE>:-expireage:Length of time to keep a message in an archive.
expiredate::M2H_EXPIREDATE:<EXPIREDATE>:-expiredate:Expiration of date of message.
fieldorder:::<FIELDORDER>::Order to display message header fields.
fieldsbeg:::<FIELDSBEG>::Beginning markup of message header.
fieldsend:::<FIELDSEND>::Ending markup of message header.
fieldstyles:::<FIELDSTYLES>::Define HTML elements that wrap field text of message headers.
firstpglink:i::<FIRSTPGLINK>::Link markup for first page of main index.
fldbeg:::<FLDBEG>::Markup before field text.
fldend:::<FLDEND>::Markup after field text.
folrefs::M2H_FOLREFS:<FOLREFS>,<NOFOLREFS>:-folrefs,-nofolrefs:Print links links to explicit follow-ups and references.
folupbegin:::<FOLUPBEGIN>::Beginning markup of follow-up links in message pages.
folupend:::<FOLUPEND>::Ending markup of follow-up links in message pages.
foluplitxt:I::<FOLUPLITXT>::Markup for a follow-up link.
force::::-force:Force archive operation even if lock cannot be obtained.
fromfields::M2H_FROMFIELDS:<FROMFIELDS>:-fromfields:List of fields to extract author of a message.
genidx::::-genidx:Generate a message index to standard output.
gmtdatefmt::M2H_GMTDATEFMT:<GMTDATEFMT>:-gmtdatefmt:Conversion specification for GMT dates.
gzipexe::M2H_GZIPEXE:<GZIPEXE>:-gzipexe:Pathname to gzip executable.
gzipfiles::M2H_GZIPFILES:<GZIPFILES>,<NOGZIPFILES>:-gzipfiles,-nogzipfiles:Gzip files.
gziplinks::M2H_GZIPLINKS:<GZIPLINKS>,<NOGZIPLINKS>:-gziplinks,-nogziplinks:Assume files are gzipped when creating links.
headbodysep:M::<HEADBODYSEP>::Markup separating the message head from the body.
htmlext::M2H_HTMLEXT:<HTMLEXT>:-htmlext:Extension to use for HTML files.
icons:::<ICONS>::Content-type to icon mapping.
idxfname::M2H_IDXFNAME:<IDXFNAME>:-idxfname:Filename for main (first) index page.
idxlabel:::<IDXLABEL>::Label for main index.
idxpgbegin:i::<IDXPGBEGIN>::Beginning markup for main index pages.
idxpgend:i::<IDXPGEND>::Ending markup for main index pages.
idxpgssmarkup:::<IDXPGSSMARKUP>::Markup at the beginning of all index pages.
idxprefix::M2H_IDXPREFIX:<IDXPREFIX>:-idxprefix:Filename prefix for multi-page main index.
idxsize::M2H_IDXSIZE:<IDXSIZE>:-idxsize:Size of each index page.
include:::<INCLUDE>::Include a resource file.
keeponrmm::::-keeponrmm:Do not physically delete message files when message removed from archive.
labelbeg:::<LABELBEG>::Beginning markup of the label text of a message field.
labelend:::<LABELEND>::End markup of the label text of a message field.
labelstyles:::<LABELSTYLES>::Define HTML elements to wrap message header field labels.
lastpglink:i::<LASTTPGLINK>::Link markup for last page of main index.
listbegin:i::<LISTBEGIN>::Markup to begin main index message listing.
listend:i::<LISTEND>::Markup to end main index message listing.
litemplate:I::<LITEMPLATE>::Markup for an entry in the main index message list.
localdatefmt::M2H_LOCALDATEFMT:<LOCALDATEFMT>:-localdatefmt:Conversion specification for printing local date.
lockdelay::M2H_LOCKDELAY::-lockdelay:Wait time between lock attempts.
lockfile::M2H_LOCKFILE::-lockfile:Name of the lock file.
lock::::-lock,-nolock:Perform a lock on the archive.
lockmethod::M2H_LOCKMETHOD:<LOCKMETHOD>:-lockmethod:How archive locks are done.
locktries::M2H_LOCKTRIES::-locktries:Total number of time to attempt a lock before failing.
mailto::M2H_MAILTO:<MAILTO>,<NOMAILTO>:-mailto:Convert email addresses in message headers to hyperlinks.
mailtourl:U:M2H_MAILTOURL:<MAILTOURL>:-mailtourl:URL template to use when MAILTO is set.
main::M2H_MAIN:<MAIN>,<NOMAIN>:-main:Create main index.
maxsize::M2H_MAXSIZE:<MAXSIZE>:-maxsize:Maximum number of messages in an archive.
mhpattern::M2H_MHPATTERN:<MHPATTERN>:-mhpattern:Regex for matching message files in an MH folder (directory).
mimealtprefs:::<MIMEALTPREFS>::Content-type preferences for <tt>multipart/alternative</tt> data.
mimeargs:::<MIMEARGS>::Arguments to MIME filters.
mimedecoders:::<MIMEDECODERS>::Content-Transfer-Encoding decoding functions.
mimeexcs:::<MIMEEXCS>::Content-types to exclude.
mimefilters:::<MIMEFILTERS>::Mapping of MIME filters to content-types.
modtime::M2H_MODTIME:<MODTIME>:-modtime:Set modification time on message files to message dates.
monthsabr::M2H_MONTHSABR:<MONTHSABR>:-monthsabr:Abbreviated month names.
months::M2H_MONTHS:<MONTHS>:-months:Month names.
msgbodyend:F::<MSGBODYEND>::Markup after the message body.
msgexcfilter::M2H_MSGEXCFILTER:<MSGEXCFILTER>:-msgexcfilter:Perl expression(s) to selectively exclude messages.
msgfoot:M::<MSGFOOT>::Markup at the foot of each message page.
msggmtdatefmt::M2H_MSGGMTDATEFMT:<MSGGMTDATEFMT>:-msggmtdatefmt:GMT conversion specification for message dates.
msghead:M::<MSGHEAD>::Markup at the head of each message page.
msgidlink:M::<MSGIDLINK>::Hyperlink markup for embedded message-ids in message pages.
msglocaldatefmt::M2H_MSGLOCALDATEFMT:<MSGLOCALDATEFMT>:-msglocaldatefmt:Local conversion specification for message dates.
msgpgbegin:M::<MSGPGBEGIN>::Starting markup for each message page.
msgpgend:M::<MSGPGEND>::Ending markup for each message page.
msgpgs::M2H_MSGPGS:<MSGPGS>,<NOMSGPGS>:-msgpgs,-nomsgpgs:Print message pages.
msgpgssmarkup:M::<MSGPGSSMARKUP>::Markup at the beginning of all message pages.
msgprefix::M2H_MSGPREFIX:<MSGPREFIX>:-msgprefix:Prefix for message page filenames.
msgsep::M2H_MSGSEP:<MSGSEP>:-msgsep:Regex for matching message separator in mailbox files.
multipg::M2H_MULTIPG:<MULTIPG>:-multipg:Create multi-page indexes.
news::M2H_NEWS:<NEWS>,<NONEWS>:-news:Hyperlink newsgroups in message headers.
nextbuttonia:M::<NEXTBUTTONIA>::Inactive button markup for next message by main index.
nextbutton:M::<NEXTBUTTON>::Button markup for next message by main index.
nextlinkia:M::<NEXTLINKIA>::Inactive link markup for next message by main index.
nextlink:M::<NEXTLINK>::Link markup for next message by main index.
nextpglinkia:i::<NEXTPGLINKIA>::Inactive link markup for next page of main index.
nextpglink:i::<NEXTPGLINK>::Link markup for next page of main index.
nosubjecttxt::M2H_NOSUBJECTTXT:<NOSUBJECTTXT>:-nosubjecttxt:Raw subject text to use for messages without a subject.
notedir:M:M2H_NOTEDIR:<NOTEDIR>:-notedir:Directory to store annotations.
noteia:M::<NOTEIA>::Markup when no annotation is available for a message.
note:M,!NOTE,NOTETEXT::<NOTE>::Markup for representing the annotation of a message.
notetext:M:::-notetext:Annotation text.
otherindexes::M2H_OTHERINDEXES:<OTHERINDEXES>:-otherindexes:List of alternate indexes to create for an archive.
outdir::M2H_OUTDIR::-outdir:Location of archive.
perlinc::M2H_PERLINC:<PERLINC>:-perlinc:Additional Perl include paths.
posixstrftime::M2H_POSIXSTRFTIME:<POSIXSTRFTIME>:-posixstrftime:Use POSIX's strftime() for converted time format strings.
prevbuttonia:M::<PREVBUTTONIA>::Inactive button markup for previous message by main index.
prevbutton:M::<PREVBUTTON>::Button markup for previous message by main index.
prevlinkia:M::<PREVLINKIA>::Inactive link markup for previous message by main index.
prevlink:M::<PREVLINK>::Link markup for previous message by main index.
prevpglinkia:i::<PREVPGLINKIA>::Inactive link markup for previous page of main index.
prevpglink:i::<PREVPGLINK>::Link markup for previous page of main index.
quiet::::-quiet:Do not output status.
rcfile::M2H_RCFILE::-rcfile:Resource file to read before processing input.
refsbegin:::<REFSBEGIN>::Beginning markup for explicit reference links in message pages.
refsend:::<REFSEND>::Ending markup for explicit reference links in message pages.
refslitxt:I::<REFSLITXT>::Markup representing a reference entry in explicit reference links.
reverse::M2H_REVERSE:<REVERSE>,<NOREVERSE>:-reverse,-noreverse:Reverse the listing order in the main index.
rmm::::-rmm:Remove specified messages from an archive.
saveresources::M2H_SAVERESOURCES:<SAVERESOURCES>,<NOSAVERESOURCES>:-saveresources,-nosaveresources:Save resource values in database.
scan::::-scan:List archive messages to standard output.
single::::-single:Process a single message.
sort::M2H_SORT:<SORT>,<NOSORT>:-sort:List messages by date in main index.
spammode::M2H_SPAMMODE:<SPAMMODE>,<NOSPAMMODE>:-spammode,-nospammode:Perform actions to deter email address harvesters.
ssmarkup:::<SSMARKUP>::Default markup at the beginning of all generated pages.
stderr::::-stderr:File for standard error messages.
stdin::::-stdin:File to treat as standard input.
stdout::::-stdout:File for standard output messages.
subjectarticlerxp::M2H_SUBJECTARTICLERXP:<SUBJECTARTICLERXP>:-subjectarticlerxp:Regex for matching leading articles in message subjects.
subjectbegin:I::<SUBJECTBEGIN>::Beginning markup for a subject group in the main index.
subjectend:::<SUBJECTEND>::Ending markup for a subject group in the main index.
subjectheader:M::<SUBJECTHEADER>::Main subject line markup above message header.
subjectreplyrxp::M2H_SUBJECTREPLYRXP:<SUBJECTREPLYRXP>:-subjectreplyrxp:Regex for matching subject text denoting a reply message.
subjectstripcode::M2H_SUBJECTSTRIPCODE:<SUBJECTSTRIPCODE>:-subjectstripcode:Perl expressions to strip subject text while reading messages.
subjectthreads::M2H_SUBJECTTHREADS:<SUBJECTTHREADS>,<NOSUBJECTTHREADS>:-subjectthreads,-nosubjectthreads:Check subjects when computing message threads.
subsort::M2H_SUBSORT:<SUBSORT>,<NOSUBSORT>:-subsort:List messages by subjext in main index.
tcontbegin:T::<TCONTBEGIN>::Markup before the continuation of a broken thread.
tcontend:::<TCONTEND>::Markup after the continuation of a broken thread.
textclipfunc:::<TEXTCLIPFUNC>::Perl function to use for text clipping operations.
tfirstpglink:t::<TFIRSTPGLINK>::Link markup for first page of thread index.
tfoot:t::<TFOOT>::Footer markup for thread index page.
thead:t::<THEAD>::Header markup for thread index page.
thread::M2H_THREAD:<THREAD>,<NOTHREAD>:-thread:Create thread index.
tidxfname::M2H_TIDXFNAME:<TIDXFNAME>:-tidxfname:Filename of first thread index page.
tidxlabel:::<TIDXLABEL>::Label string for the thread index.
tidxpgbegin:t::<TIDXPGBEGIN>::Beginning markup for the thread index pages.
tidxpgend:t::<TIDXPGEND>::Ending markup for the thread index pages.
tidxpgssmarkup:::<TIDXPGSSMARKUP>::Markup at the beginning of all thread index pages.
tidxprefix::M2H_TIDXPREFIX:<TIDXPREFIX>:-tidxprefix:Filename prefix for thread index pages beyond the first page.
timezones:::<TIMEZONES>::Hour offsets for timezones.
tindentbegin:::<TINDENTBEGIN>::Markup for opening a level when continuing a broken thread.
tindentend:::<TINDENTEND>::Markup for closing a level when continuing a broken thread.
title::M2H_TITLE:<TITLE>:-title:Title for main index.
tlastpglink:t::<TLASTTPGLINK>::Link markup for last page of thread index.
tlevels::M2H_TLEVELS:<TLEVELS>:-tlevels:Maximum number of levels to indent in thread index.
tliend:::<TLIEND>::Ending markup for a thread index message listing.
tlinoneend:::<TLINONEEND>::Ending markup for a missing message in thread index.
tlinone:::<TLINONE>::Markup for a missing message in thread index.
tlitxt:T::<TLITXT>::Markup for a thread index message listing.
tnextbuttonia:M::<TNEXTBUTTONIA>::Inactive button markup for next message by thread.
tnextbutton:M::<TNEXTBUTTON>::Button markup for next message by thread.
tnextinbuttonia:M::<TNEXTINBUTTONIA>::Inactive button markup for next message within a thread.
tnextinbutton:M::<TNEXTINBUTTON>::Button markup for next message within a thread.
tnextinlinkia:M::<TNEXTINLINKIA>::Inactive link markup for next message within a thread.
tnextinlink:M::<TNEXTINLINK>::Link markup for next message within a thread.
tnextlinkia:M::<TNEXTLINKIA>::Inactive link markup for next message by thread.
tnextlink:M::<TNEXTLINK>::Link markup for next message by thread.
tnextpglinkia:t::<TNEXTPGLINKIA>::Inactive link markup for next page in thread index.
tnextpglink:t::<TNEXTPGLINK>::Link markup for next page in thread index.
tnexttopbuttonia:M::<TNEXTTOPBUTTONIA>::Inactive button markup for first message in the next thread.
tnexttopbutton:M::<TNEXTTOPBUTTON>::Button markup for first message in the next thread.
tnexttoplinkia:M::<TNEXTTOPLINKIA>::Inactive link markup for first message in the next thread.
tnexttoplink:M::<TNEXTTOPLINK>::Link markup for first message in the next thread.
toplinks:M::<TOPLINKS>::Markup for top navigational links of a message page.
tprevbuttonia:M::<TPREVBUTTONIA>::Inactive button markup for previous message by thread.
tprevbutton:M::<TPREVBUTTON>::Button markup for previous message by thread.
tprevinbuttonia:M::<TPREVINBUTTONIA>::Inactive button markup for previous message within a thread.
tprevinbutton:M::<TPREVINBUTTON>::Button markup for previous message within a thread.
tprevinlinkia:M::<TPREVINLINKIA>::Inactive link markup for previous message within a thread.
tprevinlink:M::<TPREVINLINK>::Link markup for previous message within a thread.
tprevlinkia:M::<TPREVLINKIA>::Inactive link markup for previous message by thread.
tprevlink:M::<TPREVLINK>::Link markup for previous message by thread.
tprevpglinkia:t::<TPREVPGLINKIA>::Inactive link markup for previous page in thread index.
tprevpglink:t::<TPREVPGLINK>::Link markup for previous page in thread index.
tprevtopbuttonia:M::<TPREVTOPBUTTONIA>::Inactive button markup for first message in the previous thread.
tprevtopbutton:M::<TPREVTOPBUTTON>::Button markup for first message in the previous thread.
tprevtoplinkia:M::<TPREVTOPLINKIA>::Inactive link markup for first message in the previous thread.
tprevtoplink:M::<TPREVTOPLINK>::Link markup for first message in the previous thread.
treverse::M2H_TREVERSE:<TREVERSE>,<NOTREVERSE>:-treverse:List thread in reverse order.
tsingletxt:T::<TSINGLETXT>::Markup for a thread listing with no follow-ups.
tslicebeg:M::<TSLICEBEG>::Markup for the start of a thread slice.
tslicecontbeg:M::<TSLICECONTBEGIN>::Thread slice markup before the continuation of a broken thread.
tslicecontend:M::<TSLICECONTEND>::Thread slice markup after the continuation of a broken thread.
tsliceend:M::<TSLICEEND>::Markup for the end of a thread slice.
tsliceindentbeg:M::<TSLICEINDENTBEGIN>::Thread slice markup for opening a level when continuing a broken thread.
tsliceindentend:M::<TSLICEINDENTEND>::Thread slice markup for closing a level when continuing a broken thread.
tslicelevels::M2H_TSLICELEVELS:<TSLICELEVELS>:-tslicelevels:Maximum number of levels to indent in thread slices.
tsliceliendcur:M::<TSLICELIENDCUR>::Ending markup for a thread slice message listing if current message.
tsliceliend:M::<TSLICELIEND>::Ending markup for a thread slice message listing.
tslicelinoneend:M::<TSLICELINONEEND>::Ending markup for a missing message in thread slice.
tslicelinone:M::<TSLICELINONE>::Thread slice markup for a missing message in thread slice.
tslicelitxtcur:M::<TSLICELITXTCUR>::Markup for a thread slice message listing if current message.
tslicelitxt:M::<TSLICELITXT>::Markup for a thread slice message listing.
tslice::M2H_TSLICE:<TSLICE>:-tslice:Size of thread listing slice for message pages.
tslicesingletxtcur:M::<TSLICESINGLETXTCUR>::Markup for a thread slice listing with no follow-ups if current message.
tslicesingletxt:M::<TSLICESINGLETXT>::Markup for a thread slice listing with no follow-ups.
tslicesubjectbeg:M::<TSLICESUBJECTBEG>::Markup before a subject based thread slice listing.
tslicesubjectend:M::<TSLICESUBJECTEND>::Markup after a subject based thread slice listing.
tslicesublistbeg:M::<TSLICESUBLISTBEG>::Thread slice markup for starting a sub-thread.
tslicesublistend:M::<TSLICESUBLISTEND>::Thread slice markup for ending a sub-thread.
tslicetopbegcur:M::<TSLICETOPBEGINCUR>::Thread slice markup for the root/start of a thread if current message.
tslicetopbeg:M::<TSLICETOPBEGIN>::Thread slice markup for the root/start of a thread.
tslicetopendcur:M::<TSLICETOPENDCUR>::Thread slice markup for the end of a thread if current message.
tslicetopend:M::<TSLICETOPEND>::Thread slice markup for the end of a thread.
tsort::M2H_TSORT:<TSORT>,<NOTSORT>:-tsort,-notsort:List threads by date.
tsubjectbeg:::<TSUBJECTBEG>::Markup before a subject based thread listing.
tsubjectend:::<TSUBJECTEND>::Markup after a subject based thread listing.
tsublistbeg:t::<TSUBLISTBEG>::Markup for starting a sub-thread.
tsublistend:::<TSUBLISTEND>::Markup for ending a sub-thread.
tsubsort::M2H_TSUBSORT:<TSUBSORT>,<NOTSUBSORT>:-tsubsort,-notsubsort:List threads by subject.
ttitle::M2H_TTITLE:<TTITLE>:-ttitle:Title of thread index.
ttopbegin:T::<TTOPBEGIN>::Markup for the root/start of a thread.
ttopend:::<TTOPEND>::Markup for the end of a thread.
umask::M2H_UMASK:<UMASK>:-umask:Umask value for the MHonArc process.
uselocaltime::M2H_USELOCALTIME:<USELOCALTIME>,<NOUSELOCALTIME>::Use local time to determine day groups in main index listing.
usinglastpg::M2H_USINGLASTPG:<USINGLASTPG>,<NOUSINGLASTPG>::$LASTPG$ is used in resource values.
varregex::M2H_VARREGEX::-varregex:Perl regular expression matching a resource variable.
weekdaysabr::M2H_WEEKDAYSABR:<WEEKDAYSABR>:-weekdaysabr:Abbreviated weekday names.
weekdays::M2H_WEEKDAYS:<WEEKDAYS>:-weekdays:Weekday names.
